===== m01_лестница_первичного =====
============================================================================
МИР: m01_лестница_первичного (из анкеты)
============================================================================
  бюджет  300 случайный : правил  7, классов 2 в 1 перем., связей 0/0, необъясн.  1, экз: проба_толленса->проба_соды 7/8
  бюджет  300 любопытный: правил  7, классов 2 в 1 перем., связей 0/0, необъясн.  4, экз: проба_толленса->проба_соды 7/8
  бюджет 2000 случайный : правил  6, классов 2 в 1 перем., связей 0/0, необъясн.  8, экз: проба_толленса->проба_соды 1/8
  бюджет 2000 любопытный: правил  7, классов 2 в 1 перем., связей 0/0, необъясн.  3, экз: проба_толленса->проба_соды 7/8

Динамика (выучено, любопытный 2000): проба_марганцовки:обесцветилось->10%  проба_соды:нет_реакции->10%  проба_толленса:нет_реакции->10%; горизонт 7 шагов

Переменные (любопытный, 2000):
  class0 <- симптомы ['проба_марганцовки', 'проба_соды', 'проба_толленса']
    c0 [проба_марганцовки=нет_реакции, проба_соды=газ_шипит, проба_толленса=нет_реакции]  истина: {'спиртовая': 28, 'альдегидная': 71, 'кислотная': 1892}
    c1 [проба_марганцовки=обесцветилось, проба_соды=нет_реакции, проба_толленса=нет_реакции]  истина: {}

Смыслы (правила с class/linked_live):
  проба_марганцовки: ЕСЛИ class0=c1 ТО обесцветилось  [объясняет 6, искл. 1]
  проба_соды: ЕСЛИ class0=c1 ТО нет_реакции  [объясняет 4, искл. 0]
  проба_толленса: ЕСЛИ class0=c1 ТО серебряное_зеркало  [объясняет 6, искл. 2]
_EXIT_m01_лестница_первичного=0
===== m02_лестница_вторичного =====
============================================================================
МИР: m02_лестница_вторичного (из анкеты)
============================================================================
  бюджет  300 случайный : правил  5, классов 2 в 1 перем., связей 0/0, необъясн.  0, экз: бросить_натрий->иодоформная_проба 8/8
  бюджет  300 любопытный: правил  5, классов 2 в 1 перем., связей 0/0, необъясн.  0, экз: бросить_натрий->иодоформная_проба 8/8
  бюджет 2000 случайный : правил  5, классов 2 в 1 перем., связей 0/0, необъясн.  2, экз: бросить_натрий->иодоформная_проба 8/8
  бюджет 2000 любопытный: правил  5, классов 2 в 1 перем., связей 0/0, необъясн.  1, экз: бросить_натрий->иодоформная_проба 8/8

Динамика (выучено, любопытный 2000): бросить_натрий:нет_реакции->13%  иодоформная_проба:жёлтый_осадок_с_запахом->13%; горизонт 5 шагов

Переменные (любопытный, 2000):
  class0 <- симптомы ['бросить_натрий', 'иодоформная_проба']
    c0 [бросить_натрий=нет_реакции, иодоформная_проба=жёлтый_осадок_с_запахом]  истина: {'кетонная': 1941, 'спиртовая': 46}
    c1 [бросить_натрий=нет_реакции, иодоформная_проба=жёлтый_осадок_с_запахом]  истина: {}

Смыслы (правила с class/linked_live):
  бросить_натрий: ЕСЛИ class0=c1 ТО пузырьки_водорода  [объясняет 5, искл. 0]
  иодоформная_проба: ЕСЛИ class0=c1 ТО нет_реакции  [объясняет 5, искл. 1]
_EXIT_m02_лестница_вторичного=0
===== m03_классы_спиртов =====
============================================================================
МИР: m03_классы_спиртов (из анкеты)
============================================================================
  бюджет  300 случайный : правил  6, классов 3 в 1 перем., связей 0/0, необъясн.  0, экз: проба_лукаса->проба_марганцовки 8/8
  бюджет  300 любопытный: правил  6, классов 3 в 1 перем., связей 0/0, необъясн.  0, экз: проба_лукаса->проба_марганцовки 8/8
  бюджет 2000 случайный : правил  6, классов 3 в 1 перем., связей 0/0, необъясн.  0, экз: проба_лукаса->проба_марганцовки 8/8
  бюджет 2000 любопытный: правил  6, классов 3 в 1 перем., связей 0/0, необъясн.  0, экз: проба_лукаса->проба_марганцовки 8/8

Динамика (выучено, любопытный 2000): ; горизонт бесконечен

Переменные (любопытный, 2000):
  class0 <- симптомы ['проба_лукаса', 'проба_марганцовки']
    c0 [проба_лукаса=прозрачно, проба_марганцовки=обесцветилось]  истина: {'первичная': 536}
    c1 [проба_лукаса=помутнело_сразу, проба_марганцовки=нет_реакции]  истина: {'третичная': 994}
    c2 [проба_лукаса=помутнело_медленно, проба_марганцовки=обесцветилось]  истина: {'вторичная': 457}

Смыслы (правила с class/linked_live):
  проба_лукаса: ЕСЛИ class0=c0 ТО прозрачно  [объясняет 6, искл. 0]
  проба_лукаса: ЕСЛИ class0=c1 ТО помутнело_сразу  [объясняет 4, искл. 0]
  проба_марганцовки: ЕСЛИ class0=c1 ТО нет_реакции  [объясняет 4, искл. 0]
_EXIT_m03_классы_спиртов=0
===== m04_тумблер_амина =====
============================================================================
МИР: m04_тумблер_амина (из анкеты)
============================================================================
  бюджет  300 случайный : правил  5, классов 2 в 1 перем., связей 0/0, необъясн.  1, экз: понюхать->лакмус 8/8
  бюджет  300 любопытный: правил  5, классов 2 в 1 перем., связей 0/0, необъясн.  1, экз: понюхать->лакмус 8/8
  бюджет 2000 случайный : правил  5, классов 2 в 1 перем., связей 0/0, необъясн. 16, экз: понюхать->лакмус 8/8
  бюджет 2000 любопытный: правил  5, классов 2 в 1 перем., связей 0/0, необъясн. 12, экз: понюхать->лакмус 8/8

Динамика (выучено, любопытный 2000): лакмус:посинел->4%  лакмус:слабо_покраснел->4%  понюхать:без_запаха->4%  понюхать:рыбный_запах->4%; горизонт 16 шагов

Переменные (любопытный, 2000):
  class0 <- симптомы ['лакмус', 'понюхать']
    c0 [лакмус=посинел, понюхать=рыбный_запах]  истина: {'щелочная': 525, 'солевая': 545}
    c1 [лакмус=слабо_покраснел, понюхать=без_запаха]  истина: {'солевая': 568, 'щелочная': 349}

Смыслы (правила с class/linked_live):
  лакмус: ЕСЛИ class0=c1 ТО слабо_покраснел  [объясняет 6, искл. 6]
  понюхать: ЕСЛИ class0=c1 ТО без_запаха  [объясняет 6, искл. 3]
_EXIT_m04_тумблер_амина=0
===== m05_тумблер_таутомерии =====
============================================================================
МИР: m05_тумблер_таутомерии (из анкеты)
============================================================================
  бюджет  300 случайный : правил  5, классов 2 в 1 перем., связей 0/0, необъясн.  8, экз: проба_хлорида_железа->проба_бромной_воды 8/8
  бюджет  300 любопытный: правил  5, классов 2 в 1 перем., связей 0/0, необъясн.  4, экз: проба_хлорида_железа->проба_бромной_воды 8/8
  бюджет 2000 случайный : правил  5, классов 3 в 1 перем., связей 0/0, необъясн. 21, экз: проба_хлорида_железа->проба_бромной_воды 5/8
  бюджет 2000 любопытный: правил  5, классов 2 в 1 перем., связей 0/0, необъясн. 22, экз: проба_хлорида_железа->проба_бромной_воды 8/8

Динамика (выучено, любопытный 2000): проба_бромной_воды:нет_реакции->6%  проба_хлорида_железа:нет_реакции->6%; горизонт 11 шагов

Переменные (любопытный, 2000):
  class0 <- симптомы ['проба_бромной_воды', 'проба_хлорида_железа']
    c0 [проба_бромной_воды=нет_реакции, проба_хлорида_железа=нет_реакции]  истина: {'енольная': 300, 'кетонная': 1333}
    c1 [проба_бромной_воды=нет_реакции, проба_хлорида_железа=нет_реакции]  истина: {'кетонная': 258, 'енольная': 96}

Смыслы (правила с class/linked_live):
  проба_бромной_воды: ЕСЛИ class0=c1 ТО обесцветилось  [объясняет 6, искл. 6]
  проба_хлорида_железа: ЕСЛИ class0=c1 ТО красное_окрашивание  [объясняет 6, искл. 6]
_EXIT_m05_тумблер_таутомерии=0
===== m06_тумблер_гидролиза =====
============================================================================
МИР: m06_тумблер_гидролиза (из анкеты)
============================================================================
  бюджет  300 случайный : правил  5, классов 2 в 1 перем., связей 0/0, необъясн.  1, экз: понюхать->проба_соды 8/8
  бюджет  300 любопытный: правил  5, классов 2 в 1 перем., связей 0/0, необъясн.  1, экз: понюхать->проба_соды 8/8
  бюджет 2000 случайный : правил  5, классов 2 в 1 перем., связей 0/0, необъясн. 16, экз: понюхать->проба_соды 8/8
  бюджет 2000 любопытный: правил  5, классов 2 в 1 перем., связей 0/0, необъясн. 12, экз: понюхать->проба_соды 8/8

Динамика (выучено, любопытный 2000): понюхать:без_запаха->4%  понюхать:фруктовый_запах->4%  проба_соды:газ_шипит->4%  проба_соды:нет_реакции->4%; горизонт 16 шагов

Переменные (любопытный, 2000):
  class0 <- симптомы ['понюхать', 'проба_соды']
    c0 [понюхать=фруктовый_запах, проба_соды=нет_реакции]  истина: {'эфирный': 525, 'распавшийся': 545}
    c1 [понюхать=без_запаха, проба_соды=газ_шипит]  истина: {'распавшийся': 568, 'эфирный': 349}

Смыслы (правила с class/linked_live):
  понюхать: ЕСЛИ class0=c1 ТО без_запаха  [объясняет 6, искл. 3]
  проба_соды: ЕСЛИ class0=c1 ТО газ_шипит  [объясняет 6, искл. 6]
_EXIT_m06_тумблер_гидролиза=0
===== m07_сток_омыления =====
============================================================================
МИР: m07_сток_омыления (из анкеты)
============================================================================
  бюджет  300 случайный : правил  5, классов 2 в 1 перем., связей 0/0, необъясн.  0, экз: понюхать->иодоформная_проба 8/8
  бюджет  300 любопытный: правил  5, классов 2 в 1 перем., связей 0/0, необъясн.  0, экз: понюхать->иодоформная_проба 8/8
  бюджет 2000 случайный : правил  5, классов 2 в 1 перем., связей 0/0, необъясн.  2, экз: понюхать->иодоформная_проба 8/8
  бюджет 2000 любопытный: правил  5, классов 2 в 1 перем., связей 0/0, необъясн.  1, экз: понюхать->иодоформная_проба 8/8

Динамика (выучено, любопытный 2000): иодоформная_проба:жёлтый_осадок_с_запахом->13%  понюхать:без_запаха->13%; горизонт 5 шагов

Переменные (любопытный, 2000):
  class0 <- симптомы ['иодоформная_проба', 'понюхать']
    c0 [иодоформная_проба=жёлтый_осадок_с_запахом, понюхать=без_запаха]  истина: {'распавшийся': 1941, 'эфирный': 46}
    c1 [иодоформная_проба=жёлтый_осадок_с_запахом, понюхать=без_запаха]  истина: {}

Смыслы (правила с class/linked_live):
  иодоформная_проба: ЕСЛИ class0=c1 ТО нет_реакции  [объясняет 4, искл. 1]
  понюхать: ЕСЛИ class0=c1 ТО фруктовый_запах  [объясняет 5, искл. 0]
_EXIT_m07_сток_омыления=0
===== m08_сток_осаждения =====
============================================================================
МИР: m08_сток_осаждения (из анкеты)
============================================================================
  бюджет  300 случайный : правил  5, классов 2 в 1 перем., связей 0/0, необъясн.  0, экз: осмотреть->капнуть_ляпис 8/8
  бюджет  300 любопытный: правил  5, классов 2 в 1 перем., связей 0/0, необъясн.  0, экз: осмотреть->капнуть_ляпис 8/8
  бюджет 2000 случайный : правил  5, классов 2 в 1 перем., связей 0/0, необъясн.  2, экз: осмотреть->капнуть_ляпис 8/8
  бюджет 2000 любопытный: правил  5, классов 2 в 1 перем., связей 0/0, необъясн.  1, экз: осмотреть->капнуть_ляпис 8/8

Динамика (выучено, любопытный 2000): капнуть_ляпис:белый_осадок->9%  осмотреть:прозрачно->9%; горизонт 7 шагов

Переменные (любопытный, 2000):
  class0 <- симптомы ['капнуть_ляпис', 'осмотреть']
    c0 [капнуть_ляпис=без_видимых_изменений, осмотреть=мутно]  истина: {'в_растворе': 83, 'в_осадке': 1904}
    c1 [капнуть_ляпис=белый_осадок, осмотреть=прозрачно]  истина: {}

Смыслы (правила с class/linked_live):
  капнуть_ляпис: ЕСЛИ class0=c1 ТО белый_осадок  [объясняет 6, искл. 0]
  осмотреть: ЕСЛИ class0=c1 ТО прозрачно  [объясняет 6, искл. 1]
_EXIT_m08_сток_осаждения=0
===== m09_сток_полимеризации =====
============================================================================
МИР: m09_сток_полимеризации (из анкеты)
============================================================================
  бюджет  300 случайный : правил  5, классов 2 в 1 перем., связей 0/0, необъясн.  0, экз: проба_бромной_воды->проба_марганцовки 8/8
  бюджет  300 любопытный: правил  5, классов 2 в 1 перем., связей 0/0, необъясн.  0, экз: проба_бромной_воды->проба_марганцовки 8/8
  бюджет 2000 случайный : правил  5, классов 2 в 1 перем., связей 0/0, необъясн.  2, экз: проба_бромной_воды->проба_марганцовки 8/8
  бюджет 2000 любопытный: правил  5, классов 2 в 1 перем., связей 0/0, необъясн.  1, экз: проба_бромной_воды->проба_марганцовки 8/8

Динамика (выучено, любопытный 2000): проба_бромной_воды:обесцветилось->9%  проба_марганцовки:обесцветилось->9%; горизонт 7 шагов

Переменные (любопытный, 2000):
  class0 <- симптомы ['проба_бромной_воды', 'проба_марганцовки']
    c0 [проба_бромной_воды=нет_реакции, проба_марганцовки=нет_реакции]  истина: {'мономерная': 83, 'полимерная': 1904}
    c1 [проба_бромной_воды=обесцветилось, проба_марганцовки=обесцветилось]  истина: {}

Смыслы (правила с class/linked_live):
  проба_бромной_воды: ЕСЛИ class0=c1 ТО обесцветилось  [объясняет 6, искл. 1]
  проба_марганцовки: ЕСЛИ class0=c1 ТО обесцветилось  [объясняет 6, искл. 0]
_EXIT_m09_сток_полимеризации=0
===== m10_кольцо_катализа =====
============================================================================
МИР: m10_кольцо_катализа (из анкеты)
============================================================================
  бюджет  300 случайный : правил  7, классов 3 в 1 перем., связей 0/0, необъясн. 26, экз: осмотреть_окраску->проверить_активность 0/8
  бюджет  300 любопытный: правил  7, классов 3 в 1 перем., связей 0/0, необъясн. 31, экз: осмотреть_окраску->проверить_активность 3/8
  бюджет 2000 случайный : правил  7, классов 3 в 1 перем., связей 0/0, необъясн. 57, экз: осмотреть_окраску->проверить_активность 4/8
  бюджет 2000 любопытный: правил  7, классов 3 в 1 перем., связей 0/0, необъясн. 78, экз: осмотреть_окраску->проверить_активность 6/8

Динамика (выучено, любопытный 2000): осмотреть_окраску:бледная->5%  осмотреть_окраску:насыщенная->5%  осмотреть_окраску:тусклая->5%  проверить_активность:готов->5%  проверить_активность:занят->5%  проверить_активность:сброс->5%; горизонт 14 шагов

Переменные (любопытный, 2000):
  class0 <- симптомы ['осмотреть_окраску', 'проверить_активность']
    c0 [осмотреть_окраску=насыщенная, проверить_активность=занят]  истина: {'свободная': 172, 'отдающая': 152, 'связанная': 213}
    c1 [осмотреть_окраску=тусклая, проверить_активность=сброс]  истина: {'связанная': 244, 'отдающая': 303, 'свободная': 271}
    c2 [осмотреть_окраску=бледная, проверить_активность=готов]  истина: {'связанная': 208, 'свободная': 254, 'отдающая': 170}

Смыслы (правила с class/linked_live):
  осмотреть_окраску: ЕСЛИ class0=c1 ТО тусклая  [объясняет 6, искл. 12]
  осмотреть_окраску: ЕСЛИ class0=c2 ТО бледная  [объясняет 6, искл. 9]
  проверить_активность: ЕСЛИ class0=c2 ТО готов  [объясняет 6, искл. 9]
  проверить_активность: ЕСЛИ class0=c1 ТО сброс  [объясняет 6, искл. 10]
_EXIT_m10_кольцо_катализа=0
===== m11_каскад_цепи =====
============================================================================
МИР: m11_каскад_цепи (из анкеты)
============================================================================
  бюджет  300 случайный : правил  9, классов 2 в 1 перем., связей 7/7, необъясн.  3, экз: осмотр->осветить 8/8
  бюджет  300 любопытный: правил  9, классов 2 в 1 перем., связей 12/12, необъясн.  2, экз: осмотр->осветить 8/8
  бюджет 2000 случайный : правил 10, классов 2 в 1 перем., связей 11/11, необъясн.  2, экз: осмотр->осветить 8/8
  бюджет 2000 любопытный: правил 11, классов 2 в 1 перем., связей 16/16, необъясн.  1, экз: осмотр->осветить 8/8

Динамика (выучено, любопытный 2000): ; горизонт бесконечен

Переменные (любопытный, 2000):
  class0 <- симптомы ['осветить', 'осмотр']
    c0 [осветить=вспышка, осмотр=светится]  истина: {'активная': 195}
    c1 [осветить=ничего, осмотр=тускло]  истина: {'инертная': 119}

Смыслы (правила с class/linked_live):
  осветить: ЕСЛИ class0=c1 ТО ничего  [объясняет 6, искл. 0]
  осветить: ЕСЛИ linked_live=1 ТО вспышка + ['рваная']  [объясняет 6, искл. 0]
  осмотр: ЕСЛИ class0=c1 ТО тускло  [объясняет 6, искл. 0]
_EXIT_m11_каскад_цепи=0
===== m12_непредельность =====
============================================================================
МИР: m12_непредельность (из анкеты)
============================================================================
  бюджет  300 случайный : правил  8, классов 3 в 1 перем., связей 0/0, необъясн.  0, экз: поджечь->проба_бромной_воды 8/8
  бюджет  300 любопытный: правил  8, классов 3 в 1 перем., связей 0/0, необъясн.  0, экз: поджечь->проба_бромной_воды 8/8
  бюджет 2000 случайный : правил  8, классов 3 в 1 перем., связей 0/0, необъясн.  0, экз: поджечь->проба_бромной_воды 8/8
  бюджет 2000 любопытный: правил  8, классов 3 в 1 перем., связей 0/0, необъясн.  0, экз: поджечь->проба_бромной_воды 8/8

Динамика (выучено, любопытный 2000): ; горизонт бесконечен

Переменные (любопытный, 2000):
  class0 <- симптомы ['поджечь', 'проба_бромной_воды', 'проба_марганцовки']
    c0 [поджечь=ровное_пламя, проба_бромной_воды=нет_реакции, проба_марганцовки=нет_реакции]  истина: {'насыщенная': 474}
    c1 [поджечь=сильно_коптит, проба_бромной_воды=нет_реакции, проба_марганцовки=нет_реакции]  истина: {'кольцевая': 529}
    c2 [поджечь=коптящее_пламя, проба_бромной_воды=обесцветилось, проба_марганцовки=обесцветилось]  истина: {'ненасыщенная': 988}

Смыслы (правила с class/linked_live):
  поджечь: ЕСЛИ class0=c1 ТО сильно_коптит  [объясняет 6, искл. 0]
  поджечь: ЕСЛИ class0=c2 ТО коптящее_пламя  [объясняет 5, искл. 0]
  проба_бромной_воды: ЕСЛИ class0=c2 ТО обесцветилось  [объясняет 5, искл. 0]
  проба_марганцовки: ЕСЛИ class0=c2 ТО обесцветилось  [объясняет 5, искл. 0]
_EXIT_m12_непредельность=0
===== m13_фенол_или_спирт =====
============================================================================
МИР: m13_фенол_или_спирт (из анкеты)
============================================================================
  бюджет  300 случайный : правил  5, классов 2 в 1 перем., связей 0/0, необъясн.  0, экз: проба_хлорида_железа->проба_бромной_воды 8/8
  бюджет  300 любопытный: правил  5, классов 2 в 1 перем., связей 0/0, необъясн.  0, экз: проба_хлорида_железа->проба_бромной_воды 8/8
  бюджет 2000 случайный : правил  5, классов 2 в 1 перем., связей 0/0, необъясн.  0, экз: проба_хлорида_железа->проба_бромной_воды 8/8
  бюджет 2000 любопытный: правил  5, классов 2 в 1 перем., связей 0/0, необъясн.  0, экз: проба_хлорида_железа->проба_бромной_воды 8/8

Динамика (выучено, любопытный 2000): ; горизонт бесконечен

Переменные (любопытный, 2000):
  class0 <- симптомы ['проба_бромной_воды', 'проба_хлорида_железа']
    c0 [проба_бромной_воды=белый_осадок, проба_хлорида_железа=фиолетовое_окрашивание]  истина: {'кольцевой_OH': 1342}
    c1 [проба_бромной_воды=нет_реакции, проба_хлорида_железа=нет_реакции]  истина: {'цепочечный_OH': 645}

Смыслы (правила с class/linked_live):
  проба_бромной_воды: ЕСЛИ class0=c1 ТО нет_реакции  [объясняет 6, искл. 0]
  проба_хлорида_железа: ЕСЛИ class0=c0 ТО фиолетовое_окрашивание  [объясняет 6, искл. 0]
_EXIT_m13_фенол_или_спирт=0
===== m14_альдегид_или_кетон =====
============================================================================
МИР: m14_альдегид_или_кетон (из анкеты)
============================================================================
  бюджет  300 случайный : правил  5, классов 2 в 1 перем., связей 0/0, необъясн.  0, экз: проба_толленса->проба_фелинга 8/8
  бюджет  300 любопытный: правил  5, классов 2 в 1 перем., связей 0/0, необъясн.  0, экз: проба_толленса->проба_фелинга 8/8
  бюджет 2000 случайный : правил  5, классов 2 в 1 перем., связей 0/0, необъясн.  0, экз: проба_толленса->проба_фелинга 8/8
  бюджет 2000 любопытный: правил  5, классов 2 в 1 перем., связей 0/0, необъясн.  0, экз: проба_толленса->проба_фелинга 8/8

Динамика (выучено, любопытный 2000): ; горизонт бесконечен

Переменные (любопытный, 2000):
  class0 <- симптомы ['проба_толленса', 'проба_фелинга']
    c0 [проба_толленса=серебряное_зеркало, проба_фелинга=кирпичный_осадок]  истина: {'альдегидный': 1342}
    c1 [проба_толленса=нет_реакции, проба_фелинга=нет_реакции]  истина: {'кетонный': 645}

Смыслы (правила с class/linked_live):
  проба_толленса: ЕСЛИ class0=c0 ТО серебряное_зеркало  [объясняет 6, искл. 0]
  проба_фелинга: ЕСЛИ class0=c1 ТО нет_реакции  [объясняет 6, искл. 0]
_EXIT_m14_альдегид_или_кетон=0
===== m15_галогениды =====
============================================================================
МИР: m15_галогениды (из анкеты)
============================================================================
  бюджет  300 случайный : правил  7, классов 3 в 1 перем., связей 0/0, необъясн.  0, экз: добавить_хлорной_воды->капнуть_ляпис 8/8
  бюджет  300 любопытный: правил  7, классов 3 в 1 перем., связей 0/0, необъясн.  0, экз: добавить_хлорной_воды->капнуть_ляпис 8/8
  бюджет 2000 случайный : правил  7, классов 3 в 1 перем., связей 0/0, необъясн.  0, экз: добавить_хлорной_воды->капнуть_ляпис 8/8
  бюджет 2000 любопытный: правил  7, классов 3 в 1 перем., связей 0/0, необъясн.  0, экз: добавить_хлорной_воды->капнуть_ляпис 8/8

Динамика (выучено, любопытный 2000): ; горизонт бесконечен

Переменные (любопытный, 2000):
  class0 <- симптомы ['добавить_хлорной_воды', 'капнуть_ляпис']
    c0 [добавить_хлорной_воды=без_изменений, капнуть_ляпис=белый_осадок]  истина: {'хлор': 579}
    c1 [добавить_хлорной_воды=бурое_окрашивание, капнуть_ляпис=жёлтый_осадок]  истина: {'иод': 825}
    c2 [добавить_хлорной_воды=желтоватое_окрашивание, капнуть_ляпис=кремовый_осадок]  истина: {'бром': 583}

Смыслы (правила с class/linked_live):
  добавить_хлорной_воды: ЕСЛИ class0=c2 ТО желтоватое_окрашивание  [объясняет 6, искл. 0]
  добавить_хлорной_воды: ЕСЛИ class0=c1 ТО бурое_окрашивание  [объясняет 4, искл. 0]
  капнуть_ляпис: ЕСЛИ class0=c2 ТО кремовый_осадок  [объясняет 6, искл. 0]
  капнуть_ляпис: ЕСЛИ class0=c1 ТО жёлтый_осадок  [объясняет 4, искл. 0]
_EXIT_m15_галогениды=0
===== m16_изоморф_m01 =====
============================================================================
МИР: m16_изоморф_m01 (из анкеты)
============================================================================
  бюджет  300 случайный : правил  7, классов 2 в 1 перем., связей 0/0, необъясн.  1, экз: тест_один->тест_два 7/8
  бюджет  300 любопытный: правил  7, классов 2 в 1 перем., связей 0/0, необъясн.  4, экз: тест_один->тест_два 7/8
  бюджет 2000 случайный : правил  6, классов 2 в 1 перем., связей 0/0, необъясн.  8, экз: тест_один->тест_два 1/8
  бюджет 2000 любопытный: правил  7, классов 2 в 1 перем., связей 0/0, необъясн.  3, экз: тест_один->тест_два 7/8

Динамика (выучено, любопытный 2000): тест_два:молчит->10%  тест_один:молчит->10%  тест_три:поблекло->10%; горизонт 7 шагов

Переменные (любопытный, 2000):
  class0 <- симптомы ['тест_два', 'тест_один', 'тест_три']
    c0 [тест_два=шип, тест_один=молчит, тест_три=молчит]  истина: {'фаза_а': 28, 'фаза_б': 71, 'фаза_в': 1892}
    c1 [тест_два=молчит, тест_один=молчит, тест_три=поблекло]  истина: {}

Смыслы (правила с class/linked_live):
  тест_два: ЕСЛИ class0=c1 ТО молчит  [объясняет 4, искл. 0]
  тест_один: ЕСЛИ class0=c1 ТО блик  [объясняет 6, искл. 2]
  тест_три: ЕСЛИ class0=c1 ТО поблекло  [объясняет 6, искл. 1]
_EXIT_m16_изоморф_m01=0
ALL_DONE
