===== mol01 =====
============================================================================
МИР: этаноль (из анкеты)
============================================================================
  бюджет  300 случайный : правил  5, классов 2 в 1 перем., связей 0/0, необъясн.  8, экз: проба_марганцовки->проба_толленса 7/8
  бюджет  300 любопытный: правил  5, классов 2 в 1 перем., связей 0/0, необъясн.  5, экз: проба_марганцовки->проба_толленса 7/8
  бюджет 2000 случайный : правил  5, классов 2 в 1 перем., связей 0/0, необъясн.  6, экз: проба_марганцовки->проба_толленса 7/8
  бюджет 2000 любопытный: правил  5, классов 2 в 1 перем., связей 0/0, необъясн.  5, экз: проба_марганцовки->проба_толленса 7/8

Динамика (выучено, любопытный 2000): проба_марганцовки:обесцветилось->10%  проба_толленса:нет_реакции->10%; горизонт 7 шагов

Переменные (любопытный, 2000):
  class0 <- симптомы ['проба_марганцовки', 'проба_толленса']
    c0 [проба_марганцовки=нет_реакции, проба_толленса=нет_реакции]  истина: {'кислотная': 1897, 'спиртовая': 30, 'альдегидная': 60}
    c1 [проба_марганцовки=обесцветилось, проба_толленса=нет_реакции]  истина: {}

Смыслы (правила с class/linked_live):
  проба_марганцовки: ЕСЛИ class0=c1 ТО обесцветилось  [объясняет 6, искл. 1]
  проба_толленса: ЕСЛИ class0=c1 ТО серебряное_зеркало  [объясняет 6, искл. 4]
_EXIT_mol01=0
===== mol02 =====
============================================================================
МИР: ацетонка (из анкеты)
============================================================================
  бюджет  300 случайный : правил  5, классов 2 в 1 перем., связей 0/0, необъясн.  8, экз: проба_бромной_воды->проба_хлорида_железа 8/8
  бюджет  300 любопытный: правил  5, классов 2 в 1 перем., связей 0/0, необъясн.  4, экз: проба_бромной_воды->проба_хлорида_железа 8/8
  бюджет 2000 случайный : правил  5, классов 3 в 1 перем., связей 0/0, необъясн. 21, экз: проба_бромной_воды->проба_хлорида_железа 5/8
  бюджет 2000 любопытный: правил  5, классов 2 в 1 перем., связей 0/0, необъясн. 22, экз: проба_бромной_воды->проба_хлорида_железа 8/8

Динамика (выучено, любопытный 2000): проба_бромной_воды:нет_реакции->6%  проба_хлорида_железа:нет_реакции->6%; горизонт 11 шагов

Переменные (любопытный, 2000):
  class0 <- симптомы ['проба_бромной_воды', 'проба_хлорида_железа']
    c0 [проба_бромной_воды=нет_реакции, проба_хлорида_железа=нет_реакции]  истина: {'енольная': 300, 'кетонная': 1333}
    c1 [проба_бромной_воды=нет_реакции, проба_хлорида_железа=нет_реакции]  истина: {'кетонная': 258, 'енольная': 96}

Смыслы (правила с class/linked_live):
  проба_бромной_воды: ЕСЛИ class0=c1 ТО обесцветилось  [объясняет 6, искл. 6]
  проба_хлорида_железа: ЕСЛИ class0=c1 ТО красное_окрашивание  [объясняет 6, искл. 6]
_EXIT_mol02=0
===== mol03 =====
============================================================================
МИР: альдегидк (из анкеты)
============================================================================
  бюджет  300 случайный : правил  5, классов 2 в 1 перем., связей 0/0, необъясн.  0, экз: проба_марганцовки->проба_толленса 8/8
  бюджет  300 любопытный: правил  5, классов 2 в 1 перем., связей 0/0, необъясн.  0, экз: проба_марганцовки->проба_толленса 8/8
  бюджет 2000 случайный : правил  5, классов 2 в 1 перем., связей 0/0, необъясн.  2, экз: проба_марганцовки->проба_толленса 8/8
  бюджет 2000 любопытный: правил  5, классов 2 в 1 перем., связей 0/0, необъясн.  1, экз: проба_марганцовки->проба_толленса 8/8

Динамика (выучено, любопытный 2000): проба_марганцовки:нет_реакции->13%  проба_толленса:нет_реакции->13%; горизонт 5 шагов

Переменные (любопытный, 2000):
  class0 <- симптомы ['проба_марганцовки', 'проба_толленса']
    c0 [проба_марганцовки=нет_реакции, проба_толленса=нет_реакции]  истина: {'кислотная': 1941, 'альдегидная': 46}
    c1 [проба_марганцовки=нет_реакции, проба_толленса=нет_реакции]  истина: {}

Смыслы (правила с class/linked_live):
  проба_марганцовки: ЕСЛИ class0=c1 ТО обесцветилось  [объясняет 5, искл. 0]
  проба_толленса: ЕСЛИ class0=c1 ТО серебряное_зеркало  [объясняет 5, искл. 1]
_EXIT_mol03=0
===== mol04 =====
============================================================================
МИР: анилинум (из анкеты)
============================================================================
  бюджет  300 случайный : правил  6, классов 2 в 1 перем., связей 0/0, необъясн.  0, экз: лакмус->понюхать 8/8
  бюджет  300 любопытный: правил  6, классов 2 в 1 перем., связей 0/0, необъясн.  0, экз: лакмус->понюхать 8/8
  бюджет 2000 случайный : правил  6, классов 2 в 1 перем., связей 0/0, необъясн. 12, экз: лакмус->понюхать 8/8
  бюджет 2000 любопытный: правил  6, классов 2 в 1 перем., связей 0/0, необъясн. 15, экз: лакмус->понюхать 8/8

Динамика (выучено, любопытный 2000): лакмус:посинел->4%  лакмус:слабо_покраснел->4%  понюхать:без_запаха->4%  понюхать:рыбный_запах->4%; горизонт 15 шагов

Переменные (любопытный, 2000):
  class0 <- симптомы ['лакмус', 'понюхать']
    c0 [лакмус=посинел, понюхать=рыбный_запах]  истина: {'щелочная': 596, 'солевая': 623}
    c1 [лакмус=слабо_покраснел, понюхать=без_запаха]  истина: {'солевая': 488, 'щелочная': 284}

Смыслы (правила с class/linked_live):
  лакмус: ЕСЛИ class0=c0 ТО посинел  [объясняет 6, искл. 6]
  понюхать: ЕСЛИ class0=c1 ТО без_запаха  [объясняет 6, искл. 4]
_EXIT_mol04=0
===== mol05 =====
============================================================================
МИР: аллилол (из анкеты)
============================================================================
  бюджет  300 случайный : правил  9, классов 2 в 1 перем., связей 0/0, необъясн.  4, экз: проба_толленса->проба_соды 7/8
  бюджет  300 любопытный: правил  7, классов 2 в 1 перем., связей 0/0, необъясн.  9, экз: проба_толленса->проба_соды 7/8
  бюджет 2000 случайный : правил  8, классов 2 в 1 перем., связей 0/0, необъясн. 11, экз: проба_толленса->проба_соды 6/8
  бюджет 2000 любопытный: правил  6, классов 0 в 0 перем., связей 0/0, необъясн. 13, экз: проба_толленса->проба_соды 6/8

Переменные (любопытный, 2000):

Смыслы (правила с class/linked_live):
_EXIT_mol05=0
===== mol06 =====
============================================================================
МИР: салицилаль (из анкеты)
============================================================================
  бюджет  300 случайный : правил  7, классов 2 в 1 перем., связей 0/0, необъясн.  0, экз: проба_марганцовки->проба_толленса 8/8
  бюджет  300 любопытный: правил  7, классов 2 в 1 перем., связей 0/0, необъясн.  0, экз: проба_марганцовки->проба_толленса 8/8
  бюджет 2000 случайный : правил  7, классов 2 в 1 перем., связей 0/0, необъясн.  1, экз: проба_марганцовки->проба_толленса 8/8
  бюджет 2000 любопытный: правил  6, классов 2 в 1 перем., связей 0/0, необъясн.  4, экз: проба_марганцовки->проба_толленса 8/8

Динамика (выучено, любопытный 2000): проба_марганцовки:нет_реакции->14%  проба_толленса:нет_реакции->14%; горизонт 4 шагов

Переменные (любопытный, 2000):
  class0 <- симптомы ['проба_марганцовки', 'проба_толленса']
    c0 [проба_марганцовки=нет_реакции, проба_толленса=нет_реакции]  истина: {'кислотная': 1950, 'альдегидная': 44}
    c1 [проба_марганцовки=нет_реакции, проба_толленса=нет_реакции]  истина: {}

Смыслы (правила с class/linked_live):
  проба_толленса: ЕСЛИ class0=c1 ТО серебряное_зеркало  [объясняет 4, искл. 0]
_EXIT_mol06=0
===== mol07 =====
============================================================================
МИР: хлоргидрин (из анкеты)
============================================================================
  бюджет  300 случайный : правил  5, классов 2 в 1 перем., связей 0/0, необъясн.  0, экз: проба_марганцовки->бросить_натрий 8/8
  бюджет  300 любопытный: правил  5, классов 2 в 1 перем., связей 0/0, необъясн.  0, экз: проба_марганцовки->бросить_натрий 8/8
  бюджет 2000 случайный : правил  5, классов 2 в 1 перем., связей 0/0, необъясн.  2, экз: проба_марганцовки->бросить_натрий 8/8
  бюджет 2000 любопытный: правил  5, классов 2 в 1 перем., связей 0/0, необъясн.  1, экз: проба_марганцовки->бросить_натрий 8/8

Динамика (выучено, любопытный 2000): бросить_натрий:нет_реакции->13%  проба_марганцовки:нет_реакции->13%; горизонт 5 шагов

Переменные (любопытный, 2000):
  class0 <- симптомы ['бросить_натрий', 'проба_марганцовки']
    c0 [бросить_натрий=нет_реакции, проба_марганцовки=нет_реакции]  истина: {'кетонная': 1941, 'спиртовая': 46}
    c1 [бросить_натрий=нет_реакции, проба_марганцовки=нет_реакции]  истина: {}

Смыслы (правила с class/linked_live):
  бросить_натрий: ЕСЛИ class0=c1 ТО пузырьки_водорода  [объясняет 5, искл. 1]
  проба_марганцовки: ЕСЛИ class0=c1 ТО обесцветилось  [объясняет 5, искл. 0]
_EXIT_mol07=0
===== mol08 =====
============================================================================
МИР: этанол (из анкеты)
============================================================================
  бюджет  300 случайный : правил  5, классов 2 в 1 перем., связей 0/0, необъясн.  8, экз: проба_марганцовки->проба_толленса 7/8
  бюджет  300 любопытный: правил  5, классов 2 в 1 перем., связей 0/0, необъясн.  5, экз: проба_марганцовки->проба_толленса 7/8
  бюджет 2000 случайный : правил  5, классов 2 в 1 перем., связей 0/0, необъясн.  6, экз: проба_марганцовки->проба_толленса 7/8
  бюджет 2000 любопытный: правил  5, классов 2 в 1 перем., связей 0/0, необъясн.  5, экз: проба_марганцовки->проба_толленса 7/8

Динамика (выучено, любопытный 2000): проба_марганцовки:обесцветилось->10%  проба_толленса:нет_реакции->10%; горизонт 7 шагов

Переменные (любопытный, 2000):
  class0 <- симптомы ['проба_марганцовки', 'проба_толленса']
    c0 [проба_марганцовки=нет_реакции, проба_толленса=нет_реакции]  истина: {'кислотная': 1897, 'спиртовая': 30, 'альдегидная': 60}
    c1 [проба_марганцовки=обесцветилось, проба_толленса=нет_реакции]  истина: {}

Смыслы (правила с class/linked_live):
  проба_марганцовки: ЕСЛИ class0=c1 ТО обесцветилось  [объясняет 6, искл. 1]
  проба_толленса: ЕСЛИ class0=c1 ТО серебряное_зеркало  [объясняет 6, искл. 4]
_EXIT_mol08=0
RUNS_DONE
ALL_DONE
