
######## step0-контроль ########

../experiments/labm01/step0-контроль/target: донор k=3 @бюдж1000, полка v6
 бюдж |   решение |    d1  dдон   рад |  ГОЛАЯ |    ВВОЗ
  300 |      ВВОЗ |  0.19  0.19  2.04 |   0/8  |     8/8
  600 |      ВВОЗ |  0.24  0.24  1.93 |   0/8  |     8/8

######## step0b-зонд-реген ########

../experiments/labm01/step0b-зонд-реген/target: донор k=3 @бюдж1000, полка v6
 бюдж |   решение |    d1  dдон   рад |  ГОЛАЯ |    ВВОЗ
  300 |      ВВОЗ |  0.19  0.19  2.04 |   0/8  |     8/8
  600 |      ВВОЗ |  0.24  0.24  1.93 |   0/8  |     8/8

######## step1-ось1 ########

../experiments/labm01/step1-ось1/target: донор k=3 @бюдж1000, полка v6
 бюдж |   решение |    d1  dдон   рад |  ГОЛАЯ |    ВВОЗ
  300 |      ВВОЗ |  0.26  0.40  2.01 |   0/8  |     8/8
  600 | нет карты |  0.26  0.47  1.79 |   0/8  |       —

######## step2-ось2 ########

../experiments/labm01/step2-ось2/target: донор k=3 @бюдж1000, полка v6
 бюдж |   решение |    d1  dдон   рад |  ГОЛАЯ |    ВВОЗ
  300 |      ВВОЗ |  0.26  0.27  2.12 |   0/8  |     8/8
  600 |      ВВОЗ |  0.22  0.28  1.78 |   0/8  |     8/8

######## step3-ось3 ########

../experiments/labm01/step3-ось3/target: донор k=3 @бюдж1000, полка v6
 бюдж |   решение |    d1  dдон   рад |  ГОЛАЯ |    ВВОЗ
  300 |      ВВОЗ |  0.09  0.09  2.11 |   0/8  |     8/8
  600 |      ВВОЗ |  0.17  0.17  1.77 |   0/8  |     8/8

######## step4-ось4 ########

../experiments/labm01/step4-ось4/target: донор k=3 @бюдж1000, полка v6
 бюдж |   решение |    d1  dдон   рад |  ГОЛАЯ |    ВВОЗ
  300 |      ВВОЗ |  0.30  0.30  1.93 |   0/8  |     8/8
  600 |      ВВОЗ |  0.24  0.46  1.83 |   0/8  |     8/8

######## step5-ось5 ########

../experiments/labm01/step5-ось5/target: донор k=3 @бюдж1000, полка v6
 бюдж |   решение |    d1  dдон   рад |  ГОЛАЯ |    ВВОЗ
  300 |      ВВОЗ |  0.23  0.23  1.93 |   0/8  |     8/8
  600 |      ВВОЗ |  0.24  0.39  1.79 |   0/8  |     8/8

######## step6-ось6 ########

../experiments/labm01/step6-ось6/target: донор k=3 @бюдж1000, полка v6
 бюдж |   решение |    d1  dдон   рад |  ГОЛАЯ |    ВВОЗ
  300 |      ВВОЗ |  0.28  0.53  1.89 |   0/8  |     4/8
  600 |      ВВОЗ |  0.23  0.69  1.78 |   0/8  |     8/8

================ СВОДКА ================
step0-контроль           | СДАН       | @300 ВВОЗ 8/8  @600 ВВОЗ 8/8
step0b-зонд-реген        | СДАН       | @300 ВВОЗ 8/8  @600 ВВОЗ 8/8
Traceback (most recent call last):
  File "/home/john/Documents/Work2026/Puancare/experiments/lab_m01diff.py", line 112, in <module>
    s = "  ".join(f"@{b} {d} {sc[0]}/{sc[1]}" for b, (d, sc) in sorted(scores.items()))
        ^^^^^^^^^^^^^^^^^^^^^^^^^^^^^^^^^^^^^^^^^^^^^^^^^^^^^^^^^^^^^^^^^^^^^^^^^^^^^^^
  File "/home/john/Documents/Work2026/Puancare/experiments/lab_m01diff.py", line 112, in <genexpr>
    s = "  ".join(f"@{b} {d} {sc[0]}/{sc[1]}" for b, (d, sc) in sorted(scores.items()))
                              ~~^^^
TypeError: 'NoneType' object is not subscriptable
